// Jest Snapshot v1, https://goo.gl/fbAQLP

exports[`Loop component <Each>: should iterate over each array item. 1`] = `ReactWrapper {}`;
